
> vnx-regenerated@0.1.0 build
> next build --turbopack

 ⚠ The config property `experimental.turbo` is deprecated. Move this setting to `config.turbopack` or run `npx @next/codemod@latest next-experimental-turbo-to-turbopack .`
Attention: Next.js now collects completely anonymous telemetry regarding usage.
This information is used to shape Next.js' roadmap and prioritize features.
You can learn more, including how to opt-out if you'd not like to participate in this anonymous program, by visiting the following URL:
https://nextjs.org/telemetry

   ▲ Next.js 15.5.4 (Turbopack)
   - Experiments (use with caution):
     · turbo

   Creating an optimized production build ...
 ✓ Finished writing to disk in 28ms
 ✓ Compiled successfully in 10.0s
   Linting and checking validity of types ...
Failed to compile.

./config/config/tools.ts:25:12
Type error: 'Globe2' refers to a value, but is being used as a type here. Did you mean 'typeof Globe2'?

[0m [90m 23 |[39m     name[33m:[39m [32m"GeoIP Lookup"[39m[33m,[39m
 [90m 24 |[39m     description[33m:[39m [32m"Discover geographic location, timezone, and ISP details for any IP address."[39m[33m,[39m
[31m[1m>[22m[39m[90m 25 |[39m     icon[33m:[39m [33m<[39m[33mGlobe2[39m className[33m=[39m[32m"w-6 h-6 text-blue-600"[39m [33m/[39m[33m>[39m[33m,[39m
 [90m    |[39m            [31m[1m^[22m[39m
 [90m 26 |[39m     tier[33m:[39m [32m"free"[39m[33m,[39m
 [90m 27 |[39m     color[33m:[39m [32m"from-blue-500 to-cyan-500"[39m[33m,[39m
 [90m 28 |[39m     enabled[33m:[39m [36mtrue[39m[33m,[39m[0m
Next.js build worker exited with code: 1 and signal: null
